[nouthemes.net/html/mymedi/home13.html]
[nouthemes.net/html/mymedi/img/favicon.png]
[backblue.gif]
[fade.gif]
[index.html]
[nouthemes.net/html/mymedi/plugins/font-awesome/css/font-awesome.min.css]
[nouthemes.net/html/mymedi/fonts/Linearicons/Font/demo-files/demo.css]
[nouthemes.net/html/mymedi/plugins/bootstrap4/css/bootstrap.min.css]
[nouthemes.net/html/mymedi/plugins/slick/slick/slick.css]
[nouthemes.net/html/mymedi/plugins/lightGallery/dist/css/lightgallery.min.css]
[nouthemes.net/html/mymedi/plugins/owl-carousel/assets/owl.carousel.css]
[nouthemes.net/html/mymedi/plugins/jquery-bar-rating/dist/themes/fontawesome-stars.css]
[nouthemes.net/html/mymedi/plugins/noUiSlider/nouislider.css]
[nouthemes.net/html/mymedi/plugins/select2/dist/css/select2.min.css]
[nouthemes.net/html/mymedi/css/home-13.css]
[nouthemes.net/html/mymedi/css/style.css]
[nouthemes.net/html/mymedi/index.html]
[nouthemes.net/html/mymedi/img/logo-green.png]
[nouthemes.net/html/mymedi/wishlist.html]
[nouthemes.net/html/mymedi/product-default.html]
[nouthemes.net/html/mymedi/img/products/055.jpg]
[nouthemes.net/html/mymedi/img/products/001.jpg]
[nouthemes.net/html/mymedi/shopping-cart.html]
[nouthemes.net/html/mymedi/checkout.html]
[nouthemes.net/html/mymedi/img/products/052.jpg]
[nouthemes.net/html/mymedi/img/products/033.jpg]
[nouthemes.net/html/mymedi/img/products/051.jpg]
[nouthemes.net/html/mymedi/img/products/050.jpg]
[nouthemes.net/html/mymedi/product-result.html]
[nouthemes.net/html/mymedi/category-list.html]
[nouthemes.net/html/mymedi/img/branch/brand-1.jpg]
[nouthemes.net/html/mymedi/img/branch/brand-2.jpg]
[nouthemes.net/html/mymedi/img/branch/brand-3.jpg]
[nouthemes.net/html/mymedi/img/branch/brand-4.jpg]
[nouthemes.net/html/mymedi/img/branch/brand-5.jpg]
[nouthemes.net/html/mymedi/img/branch/brand-6.jpg]
[nouthemes.net/html/mymedi/img/branch/brand-7.jpg]
[nouthemes.net/html/mymedi/img/branch/brand-8.jpg]
[nouthemes.net/html/mymedi/img/branch/brand-9.jpg]
[nouthemes.net/html/mymedi/img/branch/brand-10.jpg]
[nouthemes.net/html/mymedi/img/promotion/bg-banner4.jpg]
[nouthemes.net/html/mymedi/category-grid.html]
[nouthemes.net/html/mymedi/img/promotion/bg-banner5.jpg]
[nouthemes.net/html/mymedi/product1.html]
[nouthemes.net/html/mymedi/img/products/039.jpg]
[nouthemes.net/html/mymedi/img/products/048.jpg]
[nouthemes.net/html/mymedi/compare.html]
[nouthemes.net/html/mymedi/img/promotion/1.jpg]
[nouthemes.net/html/mymedi/home2.html]
[nouthemes.net/html/mymedi/img/promotion/2.jpg]
[nouthemes.net/html/mymedi/home3.html]
[nouthemes.net/html/mymedi/img/promotion/3.jpg]
[nouthemes.net/html/mymedi/home4.html]
[nouthemes.net/html/mymedi/img/promotion/4.jpg]
[nouthemes.net/html/mymedi/home5.html]
[nouthemes.net/html/mymedi/img/promotion/5.jpg]
[nouthemes.net/html/mymedi/img/promotion/6.jpg]
[nouthemes.net/html/mymedi/home6.html]
[nouthemes.net/html/mymedi/home7.html]
[nouthemes.net/html/mymedi/img/promotion/7.jpg]
[nouthemes.net/html/mymedi/home8.html]
[nouthemes.net/html/mymedi/img/promotion/8.jpg]
[nouthemes.net/html/mymedi/home9.html]
[nouthemes.net/html/mymedi/img/promotion/9.jpg]
[nouthemes.net/html/mymedi/home10.html]
[nouthemes.net/html/mymedi/img/promotion/10.jpg]
[nouthemes.net/html/mymedi/home11.html]
[nouthemes.net/html/mymedi/img/promotion/11.jpg]
[nouthemes.net/html/mymedi/home12.html]
[nouthemes.net/html/mymedi/img/promotion/12.jpg]
[nouthemes.net/html/mymedi/img/promotion/13.jpg]
[nouthemes.net/html/mymedi/home14.html]
[nouthemes.net/html/mymedi/img/promotion/14.jpg]
[nouthemes.net/html/mymedi/home15.html]
[nouthemes.net/html/mymedi/img/promotion/15.jpg]
[nouthemes.net/html/mymedi/promo-category.html]
[nouthemes.net/html/mymedi/category-grid-detail.html]
[nouthemes.net/html/mymedi/category-grid-green.html]
[nouthemes.net/html/mymedi/category-grid-dark.html]
[nouthemes.net/html/mymedi/category-grid-separate.html]
[nouthemes.net/html/mymedi/category-loading-infinity.html]
[nouthemes.net/html/mymedi/category-load-more.html]
[nouthemes.net/html/mymedi/404.html]
[nouthemes.net/html/mymedi/about-us.html]
[nouthemes.net/html/mymedi/contact-us.html]
[nouthemes.net/html/mymedi/portfolio.html]
[nouthemes.net/html/mymedi/portfolio-detail.html]
[nouthemes.net/html/mymedi/my-account.html]
[nouthemes.net/html/mymedi/coming-soon-v1.html]
[nouthemes.net/html/mymedi/coming-soon-v2.html]
[nouthemes.net/html/mymedi/product2.html]
[nouthemes.net/html/mymedi/product3.html]
[nouthemes.net/html/mymedi/product4.html]
[nouthemes.net/html/mymedi/product5.html]
[nouthemes.net/html/mymedi/product6.html]
[nouthemes.net/html/mymedi/product7.html]
[nouthemes.net/html/mymedi/product-variable.html]
[nouthemes.net/html/mymedi/product-sold-out.html]
[nouthemes.net/html/mymedi/blog-sidebar1.html]
[nouthemes.net/html/mymedi/blog-sidebar2.html]
[nouthemes.net/html/mymedi/blog-masonry.html]
[nouthemes.net/html/mymedi/blog-post1.html]
[nouthemes.net/html/mymedi/blog-post2.html]
[nouthemes.net/html/mymedi/img/products/054.jpg]
[nouthemes.net/html/mymedi/img/products/057.jpg]
[nouthemes.net/html/mymedi/img/products/028.jpg]
[nouthemes.net/html/mymedi/img/products/045.jpg]
[nouthemes.net/html/mymedi/img/products/016.jpg]
[nouthemes.net/html/mymedi/img/products/021.jpg]
[nouthemes.net/html/mymedi/img/products/002.jpg]
[nouthemes.net/html/mymedi/img/products/017.jpg]
[nouthemes.net/html/mymedi/img/promotion/slide13.jpg]
[nouthemes.net/html/mymedi/img/promotion/slide14.jpg]
[nouthemes.net/html/mymedi/img/promotion/slide16.jpg]
[nouthemes.net/html/mymedi/img/icon/bacterial.svg]
[nouthemes.net/html/mymedi/img/icon/virus.svg]
[nouthemes.net/html/mymedi/img/promotion/banner-home13-4.jpg]
[nouthemes.net/html/mymedi/img/icon/icon10.png]
[nouthemes.net/html/mymedi/img/promotion/banner-home13-5.jpg]
[nouthemes.net/html/mymedi/img/promotion/banner-home13-6.jpg]
[nouthemes.net/html/mymedi/img/products/medicine1.jpg]
[nouthemes.net/html/mymedi/img/products/medicine3.jpg]
[nouthemes.net/html/mymedi/img/products/medicine2.jpg]
[nouthemes.net/html/mymedi/img/products/medicine5.jpg]
[nouthemes.net/html/mymedi/img/products/medicine4.jpg]
[nouthemes.net/html/mymedi/img/products/medicine16.jpg]
[nouthemes.net/html/mymedi/img/products/medicine17.jpg]
[nouthemes.net/html/mymedi/img/products/medicine18.jpg]
[nouthemes.net/html/mymedi/img/products/medicine19.jpg]
[nouthemes.net/html/mymedi/img/products/medicine20.jpg]
[nouthemes.net/html/mymedi/img/promotion/bg-banner16.jpg]
[nouthemes.net/html/mymedi/img/icon/icon11.png]
[nouthemes.net/html/mymedi/img/icon/icon12.png]
[nouthemes.net/html/mymedi/img/products/medicine6.jpg]
[nouthemes.net/html/mymedi/img/products/medicine7.jpg]
[nouthemes.net/html/mymedi/img/products/medicine8.jpg]
[nouthemes.net/html/mymedi/img/products/medicine9.jpg]
[nouthemes.net/html/mymedi/img/products/medicine10.jpg]
[nouthemes.net/html/mymedi/img/promotion/banner-delivery-3.jpg]
[nouthemes.net/html/mymedi/img/products/medicine11.jpg]
[nouthemes.net/html/mymedi/img/products/medicine12.jpg]
[nouthemes.net/html/mymedi/img/products/medicine13.jpg]
[nouthemes.net/html/mymedi/img/products/medicine14.jpg]
[nouthemes.net/html/mymedi/img/products/medicine15.jpg]
[nouthemes.net/html/mymedi/img/promotion/bg-banner17.jpg]
[nouthemes.net/html/mymedi/img/promotion/banner-home13-1.jpg]
[nouthemes.net/html/mymedi/img/promotion/banner-home13-2.jpg]
[nouthemes.net/html/mymedi/img/icon/icon9.png]
[nouthemes.net/html/mymedi/img/promotion/banner-home13-3.jpg]
[nouthemes.net/html/mymedi/img/branch/brand-dark-1.jpg]
[nouthemes.net/html/mymedi/img/branch/brand-dark-2.jpg]
[nouthemes.net/html/mymedi/img/branch/brand-dark-3.jpg]
[nouthemes.net/html/mymedi/img/branch/brand-dark-4.jpg]
[nouthemes.net/html/mymedi/img/branch/brand-dark-5.jpg]
[nouthemes.net/html/mymedi/img/branch/brand-dark-6.jpg]
[nouthemes.net/html/mymedi/img/branch/brand-dark-7.jpg]
[nouthemes.net/html/mymedi/img/branch/brand-dark-8.jpg]
[nouthemes.net/html/mymedi/img/branch/brand-dark-9.jpg]
[nouthemes.net/html/mymedi/img/branch/brand-dark-10.jpg]
[nouthemes.net/html/mymedi/img/blog/blog2-496x262.jpg]
[nouthemes.net/html/mymedi/img/blog/blog11-496x262.jpg]
[nouthemes.net/html/mymedi/img/blog/blog13-496x262.jpg]
[nouthemes.net/html/mymedi/img/blog/blog12-496x262.jpg]
[nouthemes.net/html/mymedi/img/sticky-logo.png]
[nouthemes.net/html/mymedi/img/logo-white.png]
[nouthemes.net/html/mymedi/img/Logo-black.png]
[nouthemes.net/html/mymedi/img/logo-white1.png]
[nouthemes.net/html/mymedi/img/payment.png]
[nouthemes.net/html/mymedi/img/payment-light.png]
[nouthemes.net/html/mymedi/img/promotion/footer-banner.jpg]
[nouthemes.net/html/mymedi/img/products/047.jpg]
[nouthemes.net/html/mymedi/img/products/008.jpg]
[nouthemes.net/html/mymedi/img/products/034.jpg]
[nouthemes.net/html/mymedi/img/products/015.jpg]
[nouthemes.net/html/mymedi/img/products/040.jpg]
[nouthemes.net/html/mymedi/img/products/020.jpg]
[nouthemes.net/cdn-cgi/scripts/5c5dd728/cloudflare-static/email-decode.min.js]
[nouthemes.net/html/mymedi/plugins/jquery.min.js]
[nouthemes.net/html/mymedi/plugins/popper.min.js]
[nouthemes.net/html/mymedi/plugins/bootstrap4/js/bootstrap.min.js]
[nouthemes.net/html/mymedi/plugins/select2/dist/js/select2.full.min.js]
[nouthemes.net/html/mymedi/plugins/owl-carousel/owl.carousel.min.js]
[nouthemes.net/html/mymedi/plugins/jquery-bar-rating/dist/jquery.barrating.min.js]
[nouthemes.net/html/mymedi/plugins/lightGallery/dist/js/lightgallery-all.min.js]
[nouthemes.net/html/mymedi/plugins/slick/slick/slick.min.js]
[nouthemes.net/html/mymedi/plugins/noUiSlider/nouislider.min.js]
[nouthemes.net/html/mymedi/home13.html]
[nouthemes.net/html/mymedi/js/main.js]
[nouthemes.net/html/mymedi/plugins/font-awesome/fonts/fontawesome-webfont5b62.eot]
[nouthemes.net/html/mymedi/plugins/font-awesome/fonts/fontawesome-webfontd41d.eot]
[nouthemes.net/html/mymedi/plugins/font-awesome/fonts/fontawesome-webfont5b62.woff2]
[nouthemes.net/html/mymedi/plugins/font-awesome/fonts/fontawesome-webfont5b62.woff]
[nouthemes.net/html/mymedi/plugins/font-awesome/fonts/fontawesome-webfont5b62.ttf]
[nouthemes.net/html/mymedi/plugins/font-awesome/css/font-awesome.min.css]
[nouthemes.net/html/mymedi/plugins/font-awesome/fonts/fontawesome-webfont5b62.svg]
[nouthemes.net/html/mymedi/fonts/Linearicons/Font/demo-files/demo.css]
[nouthemes.net/html/mymedi/plugins/bootstrap4/css/bootstrap.min.css]
[nouthemes.net/html/mymedi/plugins/owl-carousel/assets/owl.video.play.png]
[nouthemes.net/html/mymedi/plugins/owl-carousel/assets/owl.carousel.css]
[nouthemes.net/html/mymedi/plugins/slick/slick/slick.css]
[nouthemes.net/html/mymedi/plugins/lightGallery/dist/fonts/lg8306.ttf]
[nouthemes.net/html/mymedi/fonts/Linearicons/Font/Linearicons.ttf]
[nouthemes.net/html/mymedi/plugins/lightGallery/dist/fonts/lg8306.woff]
[nouthemes.net/html/mymedi/plugins/lightGallery/dist/fonts/lg8306.svg]
[nouthemes.net/html/mymedi/plugins/lightGallery/dist/img/vimeo-play.png]
[nouthemes.net/html/mymedi/plugins/lightGallery/dist/img/video-play.png]
[nouthemes.net/html/mymedi/plugins/lightGallery/dist/img/youtube-play.png]
[nouthemes.net/html/mymedi/plugins/lightGallery/dist/img/loading.gif]
[nouthemes.net/html/mymedi/plugins/lightGallery/dist/css/lightgallery.min.css]
[nouthemes.net/html/mymedi/plugins/jquery-bar-rating/dist/themes/fontawesome-stars.css]
[nouthemes.net/html/mymedi/plugins/select2/dist/css/select2.min.css]
[nouthemes.net/html/mymedi/plugins/noUiSlider/nouislider.css]
[nouthemes.net/html/mymedi/css/style.css]
[nouthemes.net/html/mymedi/css/home-13.css]
[nouthemes.net/html/mymedi/css/home-1.css]
[nouthemes.net/html/mymedi/img/logo.png]
[nouthemes.net/html/mymedi/img/mobile-logo.png]
[nouthemes.net/html/mymedi/img/round2.png]
[nouthemes.net/html/mymedi/img/promotion/slide1.png]
[nouthemes.net/html/mymedi/img/round5.png]
[nouthemes.net/html/mymedi/img/promotion/slide3.png]
[nouthemes.net/html/mymedi/img/promotion/slide4.png]
[nouthemes.net/html/mymedi/img/promotion/bg-banner1.jpg]
[nouthemes.net/html/mymedi/img/promotion/bg-banner2.jpg]
[nouthemes.net/html/mymedi/img/promotion/bg-banner3.jpg]
[nouthemes.net/html/mymedi/img/promotion/facemask-cat.png]
[nouthemes.net/html/mymedi/img/promotion/uniforms-cat.png]
[nouthemes.net/html/mymedi/img/promotion/protectcover-cat.png]
[nouthemes.net/html/mymedi/img/promotion/dental-cat.png]
[nouthemes.net/html/mymedi/img/promotion/pressure-cat.png]
[nouthemes.net/html/mymedi/img/products/009.jpg]
[nouthemes.net/html/mymedi/img/products/053.jpg]
[nouthemes.net/html/mymedi/img/products/056.jpg]
[nouthemes.net/html/mymedi/img/products/006.jpg]
[nouthemes.net/html/mymedi/img/products/042.jpg]
[nouthemes.net/html/mymedi/img/promotion/banner-delivery-2.jpg]
[nouthemes.net/html/mymedi/img/products/030.jpg]
[nouthemes.net/html/mymedi/img/products/003.jpg]
[nouthemes.net/html/mymedi/img/products/049.jpg]
[nouthemes.net/html/mymedi/img/products/010.jpg]
[nouthemes.net/html/mymedi/img/products/011.jpg]
[nouthemes.net/html/mymedi/img/products/013.jpg]
[nouthemes.net/html/mymedi/img/products/012.jpg]
[nouthemes.net/html/mymedi/img/products/007.jpg]
[nouthemes.net/html/mymedi/img/products/004.jpg]
[nouthemes.net/html/mymedi/img/products/018.jpg]
[nouthemes.net/html/mymedi/img/products/037.jpg]
[nouthemes.net/html/mymedi/img/products/019.jpg]
[nouthemes.net/html/mymedi/img/roundbg.png]
[nouthemes.net/html/mymedi/img/quote-icon.png]
[nouthemes.net/html/mymedi/img/instagram/instagram1.jpg]
[nouthemes.net/html/mymedi/img/instagram/instagram2.jpg]
[nouthemes.net/html/mymedi/img/instagram/instagram3.jpg]
[nouthemes.net/html/mymedi/img/instagram/instagram4.jpg]
[nouthemes.net/html/mymedi/img/instagram/instagram5.jpg]
[nouthemes.net/html/mymedi/img/instagram/instagram6.jpg]
[nouthemes.net/html/mymedi/img/newsletter-bg.jpg]
[nouthemes.net/html/mymedi/index.html]
[nouthemes.net/html/mymedi/wishlist.html]
[nouthemes.net/html/mymedi/product-default.html]
[nouthemes.net/html/mymedi/img/products/046.jpg]
[nouthemes.net/html/mymedi/img/products/032.jpg]
[nouthemes.net/html/mymedi/img/products/038.jpg]
[nouthemes.net/html/mymedi/img/products/043.jpg]
[nouthemes.net/html/mymedi/shopping-cart.html]
[nouthemes.net/html/mymedi/img/AM_mc_vs_ms_ae_UK.png]
[nouthemes.net/html/mymedi/checkout.html]
[nouthemes.net/html/mymedi/img/icon/bars.svg]
[nouthemes.net/html/mymedi/img/icon/gird2.svg]
[nouthemes.net/html/mymedi/img/icon/gird3.svg]
[nouthemes.net/html/mymedi/img/icon/gird4.svg]
[nouthemes.net/html/mymedi/img/banner-sidebar1.jpg]
[nouthemes.net/html/mymedi/product-result.html]
[nouthemes.net/html/mymedi/category-list.html]
[nouthemes.net/html/mymedi/img/products/026.jpg]
[nouthemes.net/html/mymedi/img/products/027.jpg]
[nouthemes.net/html/mymedi/category-grid.html]
[nouthemes.net/html/mymedi/img/products/pressure-tab-content.jpg]
[nouthemes.net/html/mymedi/img/icon/ribbon.svg]
[nouthemes.net/html/mymedi/img/tab-content-img1.jpg]
[nouthemes.net/html/mymedi/img/tab-content-img2.jpg]
[nouthemes.net/html/mymedi/img/avatar/avatar-review.jpg]
[nouthemes.net/html/mymedi/img/avatar/avatar-review2.jpg]
[nouthemes.net/html/mymedi/img/avatar/avatar-review3.jpg]
[nouthemes.net/html/mymedi/img/avatar/avatar-review4.jpg]
[nouthemes.net/html/mymedi/img/payment-product.png]
[nouthemes.net/html/mymedi/img/blue-white-ribbon-on-pink-box.jpg]
[nouthemes.net/html/mymedi/img/related-bg.jpg]
[nouthemes.net/html/mymedi/product1.html]
[nouthemes.net/html/mymedi/compare.html]
[nouthemes.net/html/mymedi/css/home-2.css]
[nouthemes.net/html/mymedi/img/promotion/slide2.jpg]
[nouthemes.net/html/mymedi/img/promotion/slide5.jpg]
[nouthemes.net/html/mymedi/img/promotion/slide8.jpg]
[nouthemes.net/html/mymedi/img/branch/plastercross.svg]
[nouthemes.net/html/mymedi/img/branch/capsule.svg]
[nouthemes.net/html/mymedi/img/branch/dental.svg]
[nouthemes.net/html/mymedi/img/branch/thermometer.svg]
[nouthemes.net/html/mymedi/img/branch/heart-healt.svg]
[nouthemes.net/html/mymedi/img/branch/microscope.svg]
[nouthemes.net/html/mymedi/img/branch/tube.svg]
[nouthemes.net/html/mymedi/img/girl-face-mask.png]
[nouthemes.net/html/mymedi/img/promotion/bg-banner6.jpg]
[nouthemes.net/html/mymedi/img/promotion/bg-banner7.jpg]
[nouthemes.net/html/mymedi/img/promotion/bg-banner8.jpg]
[nouthemes.net/html/mymedi/home2.html]
[nouthemes.net/html/mymedi/css/home-3.css]
[nouthemes.net/html/mymedi/img/promotion/bg-slide3-home3.jpg]
[nouthemes.net/html/mymedi/img/promotion/banner-bg-12.jpg]
[nouthemes.net/html/mymedi/img/icon/tooth-brush-icon.png]
[nouthemes.net/html/mymedi/img/icon/dashboard-icon.png]
[nouthemes.net/html/mymedi/home3.html]
[nouthemes.net/html/mymedi/css/home-4.css]
[nouthemes.net/html/mymedi/img/promotion/home4-banner-4.jpg]
[nouthemes.net/html/mymedi/img/promotion/bg.jpg]
[nouthemes.net/html/mymedi/img/promotion/anti-virus-bg.jpg]
[nouthemes.net/html/mymedi/img/promotion/bg-banner-detal.jpg]
[nouthemes.net/html/mymedi/home4.html]
[nouthemes.net/html/mymedi/css/home-5.css]
[nouthemes.net/html/mymedi/img/promotion/bg-banner13.jpg]
[nouthemes.net/html/mymedi/img/promotion/bg-banner14.jpg]
[nouthemes.net/html/mymedi/img/promotion/sugarlevel-cat.png]
[nouthemes.net/html/mymedi/img/promotion/bg-banner15.jpg]
[nouthemes.net/html/mymedi/img/promotion/blood-pressure.jpg]
[nouthemes.net/html/mymedi/img/promotion/bg-banner-dental.jpg]
[nouthemes.net/html/mymedi/home5.html]
[nouthemes.net/html/mymedi/css/home-6.css]
[nouthemes.net/html/mymedi/img/promotion/home6-bg.jpg]
[nouthemes.net/html/mymedi/img/promotion/home6-bg2.jpg]
[nouthemes.net/html/mymedi/img/promotion/home6-bg3.jpg]
[nouthemes.net/html/mymedi/img/promotion/face-masks.jpg]
[nouthemes.net/html/mymedi/img/promotion/home6-latest-review_280x.png]
[nouthemes.net/html/mymedi/home6.html]
[nouthemes.net/html/mymedi/css/home-7.css]
[nouthemes.net/html/mymedi/img/promotion/slide7.jpg]
[nouthemes.net/html/mymedi/img/goby-unsplash.jpg]
[nouthemes.net/html/mymedi/img/icon/certificate-navy.png]
[nouthemes.net/html/mymedi/img/icon/dentistry-icon.png]
[nouthemes.net/html/mymedi/img/icon/toothbrush-icon.png]
[nouthemes.net/html/mymedi/img/video.mp4]
[nouthemes.net/html/mymedi/img/about/goby-tD3GaS9ysF4-unsplash-1.jpg]
[nouthemes.net/html/mymedi/home7.html]
[nouthemes.net/html/mymedi/css/home-8.css]
[nouthemes.net/html/mymedi/img/christmas-banner-txt.png]
[nouthemes.net/html/mymedi/img/christmas-banner-bg.jpg]
[nouthemes.net/html/mymedi/img/christmas-banner-mobile-txt.png]
[nouthemes.net/html/mymedi/img/christmas-banner-mobile.jpg]
[nouthemes.net/html/mymedi/home8.html]
[nouthemes.net/html/mymedi/css/home-9.css]
[nouthemes.net/html/mymedi/img/promotion/slide9.jpg]
[nouthemes.net/html/mymedi/img/icon/certificate-1.png]
[nouthemes.net/html/mymedi/img/icon/bacteria-1.png]
[nouthemes.net/html/mymedi/img/icon/anti-virus.png]
[nouthemes.net/html/mymedi/img/promotion/home9-mask.png]
[nouthemes.net/html/mymedi/img/promotion/goby-unsplash.jpg]
[nouthemes.net/html/mymedi/img/reviews/testimonial1.jpg]
[nouthemes.net/html/mymedi/img/reviews/testimonial2.jpg]
[nouthemes.net/html/mymedi/img/avatar/1-100x100.png]
[nouthemes.net/html/mymedi/img/avatar/2-100x100.png]
[nouthemes.net/html/mymedi/img/reviews/testimonial6.jpg]
[nouthemes.net/html/mymedi/img/avatar/5-100x100.png]
[nouthemes.net/html/mymedi/img/avatar/4-100x100.png]
[nouthemes.net/html/mymedi/img/reviews/testimonial3.jpg]
[nouthemes.net/html/mymedi/img/reviews/testimonial4.jpg]
[nouthemes.net/html/mymedi/img/reviews/testimonial5.png]
[nouthemes.net/html/mymedi/img/avatar/3-100x100.png]
[nouthemes.net/html/mymedi/img/avatar/6-100x100.png]
[nouthemes.net/html/mymedi/img/rounds.png]
[nouthemes.net/html/mymedi/img/products/062-350x350.jpg]
[nouthemes.net/html/mymedi/img/products/064-350x350.jpg]
[nouthemes.net/html/mymedi/img/products/063-350x350.jpg]
[nouthemes.net/html/mymedi/img/bg-newsletter.jpg]
[nouthemes.net/html/mymedi/home9.html]
[nouthemes.net/html/mymedi/css/home-10.css]
[nouthemes.net/html/mymedi/img/promotion/slide10.jpg]
[nouthemes.net/html/mymedi/img/icon/bacteria-navy.png]
[nouthemes.net/html/mymedi/img/icon/virus-navy.png]
[nouthemes.net/html/mymedi/img/promotion/goby-unsplash-1.jpg]
[nouthemes.net/html/mymedi/img/products/059-350x350.jpg]
[nouthemes.net/html/mymedi/img/products/060-350x350.jpg]
[nouthemes.net/html/mymedi/img/products/061-350x350.jpg]
[nouthemes.net/html/mymedi/home10.html]
[nouthemes.net/html/mymedi/css/home-11.css]
[nouthemes.net/html/mymedi/img/promotion/slide11.png]
[nouthemes.net/html/mymedi/img/products/mask1.png]
[nouthemes.net/html/mymedi/img/products/mask2.png]
[nouthemes.net/html/mymedi/img/products/mask3.png]
[nouthemes.net/html/mymedi/img/icon/certificate-ribbon.png]
[nouthemes.net/html/mymedi/img/icon/paramedic-sign.png]
[nouthemes.net/html/mymedi/img/icon/heart-healthcare.png]
[nouthemes.net/html/mymedi/img/promotion/promo11.png]
[nouthemes.net/html/mymedi/img/promotion/goby-tD3GaS9ysF4-unsplash.jpg]
[nouthemes.net/html/mymedi/img/promotion/goby-tD3GaS9ysF4-unsplash2.jpg]
[nouthemes.net/html/mymedi/img/promotion/goby-tD3GaS9ysF4-unsplash3.jpg]
[nouthemes.net/html/mymedi/home11.html]
[nouthemes.net/html/mymedi/css/home-12.css]
[nouthemes.net/html/mymedi/img/logo-dark.png]
[nouthemes.net/html/mymedi/img/heart-white.png]
[nouthemes.net/html/mymedi/img/promotion/img-mask.png]
[nouthemes.net/html/mymedi/img/icon/paramedic-white.png]
[nouthemes.net/html/mymedi/img/icon/certificate-info.png]
[nouthemes.net/html/mymedi/img/icon/dentistry-info.png]
[nouthemes.net/html/mymedi/img/icon/toothbrush-info.png]
[nouthemes.net/html/mymedi/img/bg-newsletter12.jpg]
[nouthemes.net/html/mymedi/home12.html]
[nouthemes.net/html/mymedi/css/home-14.css]
[nouthemes.net/html/mymedi/img/promotion/bg-banner18.jpg]
[nouthemes.net/html/mymedi/img/promotion/bg-banner19.png]
[nouthemes.net/html/mymedi/img/promotion/bg-promo1.jpg]
[nouthemes.net/html/mymedi/img/promotion/bg-promo2.jpg]
[nouthemes.net/html/mymedi/img/promotion/bg-promo3.jpg]
[nouthemes.net/html/mymedi/img/icon/icon13.png]
[nouthemes.net/html/mymedi/img/icon/icon14.png]
[nouthemes.net/html/mymedi/img/icon/icon15.png]
[nouthemes.net/html/mymedi/img/icon/icon16.png]
[nouthemes.net/html/mymedi/img/icon/icon17.png]
[nouthemes.net/html/mymedi/img/icon/icon18.png]
[nouthemes.net/html/mymedi/img/promotion/bg-banner20.jpg]
[nouthemes.net/html/mymedi/img/icon/icon19.png]
[nouthemes.net/html/mymedi/img/promotion/bg-banner21.jpg]
[nouthemes.net/html/mymedi/img/promotion/bg-banner22.jpg]
[nouthemes.net/html/mymedi/img/promotion/bg-banner23.jpg]
[nouthemes.net/html/mymedi/img/promotion/bg-banner24.jpg]
[nouthemes.net/html/mymedi/img/promotion/bg-banner25.jpg]
[nouthemes.net/html/mymedi/img/promotion/bg-banner26.jpg]
[nouthemes.net/html/mymedi/img/products/medicine22.jpg]
[nouthemes.net/html/mymedi/img/products/medicine23.jpg]
[nouthemes.net/html/mymedi/img/products/medicine24.jpg]
[nouthemes.net/html/mymedi/img/products/medicine25.jpg]
[nouthemes.net/html/mymedi/img/products/medicine21.jpg]
[nouthemes.net/html/mymedi/img/products/medicine26.jpg]
[nouthemes.net/html/mymedi/img/products/medicine27.jpg]
[nouthemes.net/html/mymedi/img/products/medicine28.jpg]
[nouthemes.net/html/mymedi/img/products/medicine29.jpg]
[nouthemes.net/html/mymedi/home14.html]
[nouthemes.net/html/mymedi/css/home-15.css]
[nouthemes.net/html/mymedi/img/promotion/slide15.jpg]
[nouthemes.net/html/mymedi/img/promotion/slide17.jpg]
[nouthemes.net/html/mymedi/img/promotion/promo12.jpg]
[nouthemes.net/html/mymedi/img/promotion/promo13.jpg]
[nouthemes.net/html/mymedi/img/promotion/promo14.jpg]
[nouthemes.net/html/mymedi/img/promotion/promo15.jpg]
[nouthemes.net/html/mymedi/img/promotion/promo16.jpg]
[nouthemes.net/html/mymedi/img/icon/certificate-dark.png]
[nouthemes.net/html/mymedi/img/icon/dentistry-dark.png]
[nouthemes.net/html/mymedi/img/icon/toothbrush-dark.png]
[nouthemes.net/html/mymedi/img/bg-newsletter15.jpg]
[nouthemes.net/html/mymedi/home15.html]
[nouthemes.net/html/mymedi/img/category/banner-promo.jpg]
[nouthemes.net/html/mymedi/promo-category.html]
[nouthemes.net/html/mymedi/category-grid-detail.html]
[nouthemes.net/html/mymedi/img/icon/bars-dark.svg]
[nouthemes.net/html/mymedi/img/icon/gird2-dark.svg]
[nouthemes.net/html/mymedi/img/icon/gird3-dark.svg]
[nouthemes.net/html/mymedi/img/icon/gird4-dark.svg]
[nouthemes.net/html/mymedi/img/products/medicine30.jpg]
[nouthemes.net/html/mymedi/img/products/medicine31.jpg]
[nouthemes.net/html/mymedi/img/products/medicine32.jpg]
[nouthemes.net/html/mymedi/img/products/medicine33.jpg]
[nouthemes.net/html/mymedi/category-grid-green.html]
[nouthemes.net/html/mymedi/category-grid-dark.html]
[nouthemes.net/html/mymedi/category-grid-separate.html]
[nouthemes.net/html/mymedi/category-loading-infinity.html]
[nouthemes.net/html/mymedi/category-load-more.html]
[nouthemes.net/html/mymedi/img/cartoon-doctor.jpg]
[nouthemes.net/html/mymedi/404.html]
[nouthemes.net/html/mymedi/img/icon/award-icon-2.png]
[nouthemes.net/html/mymedi/img/icon/dentistry-icon-2.png]
[nouthemes.net/html/mymedi/img/icon/toothbrush-icon-2.png]
[nouthemes.net/html/mymedi/img/Mask-Group.jpg]
[nouthemes.net/html/mymedi/img/about/about-us-1.jpg]
[nouthemes.net/html/mymedi/img/about/about-us-2.jpg]
[nouthemes.net/html/mymedi/img/about/about-us-3.jpg]
[nouthemes.net/html/mymedi/about-us.html]
[nouthemes.net/html/mymedi/contact-us.html]
[nouthemes.net/html/mymedi/img/blog/portfolio-4-393x300.jpg]
[nouthemes.net/html/mymedi/img/blog/portfolio-1-393x300.jpg]
[nouthemes.net/html/mymedi/img/blog/portfolio-5-393x300.jpg]
[nouthemes.net/html/mymedi/img/blog/portfolio-6-393x300.jpg]
[nouthemes.net/html/mymedi/img/blog/portfolio-2-393x300.jpg]
[nouthemes.net/html/mymedi/img/blog/portfolio-3-393x300.jpg]
[nouthemes.net/html/mymedi/img/blog/portfolio-7-393x300.jpg]
[nouthemes.net/html/mymedi/img/blog/portfolio-8-393x300.jpg]
[nouthemes.net/html/mymedi/img/blog/portfolio-9-393x300.jpg]
[nouthemes.net/html/mymedi/portfolio.html]
[nouthemes.net/html/mymedi/img/blog/portfolio-1.jpg]
[nouthemes.net/html/mymedi/img/blog/portfolio-2.jpg]
[nouthemes.net/html/mymedi/img/blog/portfolio-3.jpg]
[nouthemes.net/html/mymedi/portfolio-detail.html]
[nouthemes.net/html/mymedi/my-account.html]
[nouthemes.net/html/mymedi/lost-password.html]
[nouthemes.net/html/mymedi/img/bg-comming-soon.jpg]
[nouthemes.net/html/mymedi/coming-soon-v1.html]
[nouthemes.net/html/mymedi/img/comming-soon-bg.jpg]
[nouthemes.net/html/mymedi/img/logo-coming-soon.png]
[nouthemes.net/html/mymedi/coming-soon-v2.html]
[nouthemes.net/html/mymedi/img/products/005.jpg]
[nouthemes.net/html/mymedi/product2.html]
[nouthemes.net/html/mymedi/product3.html]
[nouthemes.net/html/mymedi/product4.html]
[nouthemes.net/html/mymedi/img/products/020.png]
[nouthemes.net/html/mymedi/img/products/039.png]
[nouthemes.net/html/mymedi/img/products/048.png]
[nouthemes.net/html/mymedi/img/products/045.png]
[nouthemes.net/html/mymedi/product5.html]
[nouthemes.net/html/mymedi/product6.html]
[nouthemes.net/html/mymedi/product7.html]
[nouthemes.net/html/mymedi/product-variable.html]
[nouthemes.net/html/mymedi/product-sold-out.html]
[nouthemes.net/html/mymedi/img/blog/blog-fullwidth-992x525.jpg]
[nouthemes.net/html/mymedi/img/blog/blog13-992x525.jpg]
[nouthemes.net/html/mymedi/img/blog/blog12-992x525.jpg]
[nouthemes.net/html/mymedi/img/blog/blog2-992x525.jpg]
[nouthemes.net/html/mymedi/img/blog/blog11-992x525.jpg]
[nouthemes.net/html/mymedi/img/blog/blog10-992x525.jpg]
[nouthemes.net/html/mymedi/img/blog/blog9-992x525.jpg]
[nouthemes.net/html/mymedi/img/blog/blog8-992x525.jpg]
[nouthemes.net/html/mymedi/img/blog/blog6-992x525.jpg]
[nouthemes.net/html/mymedi/blog-sidebar1.html]
[nouthemes.net/html/mymedi/blog-sidebar2.html]
[nouthemes.net/html/mymedi/blog-masonry.html]
[nouthemes.net/html/mymedi/img/blog-detail-image.jpg]
[nouthemes.net/html/mymedi/img/avatar/avatar-admin.jpg]
[nouthemes.net/html/mymedi/img/avatar/avartar-comment.jpg]
[nouthemes.net/html/mymedi/blog-post1.html]
[nouthemes.net/html/mymedi/blog-post2.html]
[nouthemes.net/html/mymedi/img/icon/bacterial.svg]
[nouthemes.net/html/mymedi/img/icon/virus.svg]
[nouthemes.net/html/mymedi/plugins/font-awesome/fonts/fontawesome-webfont5b62.svg]
[nouthemes.net/html/mymedi/plugins/owl-carousel/assets/owl.video.play.html]
[nouthemes.net/html/mymedi/plugins/lightGallery/dist/fonts/lg8306.svg]
[nouthemes.net/html/mymedi/css/home-1.css]
[nouthemes.net/html/mymedi/img/icon/bars.svg]
[nouthemes.net/html/mymedi/img/icon/gird2.svg]
[nouthemes.net/html/mymedi/img/icon/gird3.svg]
[nouthemes.net/html/mymedi/img/icon/gird4.svg]
[nouthemes.net/html/mymedi/img/icon/ribbon.svg]
[nouthemes.net/html/mymedi/img/avatar/avatar-review.html]
[nouthemes.net/html/mymedi/img/avatar/avatar-review2.html]
[nouthemes.net/html/mymedi/img/avatar/avatar-review3.html]
[nouthemes.net/html/mymedi/img/avatar/avatar-review4.html]
[nouthemes.net/html/mymedi/css/home-2.css]
[nouthemes.net/html/mymedi/img/branch/plastercross.svg]
[nouthemes.net/html/mymedi/img/branch/capsule.svg]
[nouthemes.net/html/mymedi/img/branch/dental.svg]
[nouthemes.net/html/mymedi/img/branch/thermometer.svg]
[nouthemes.net/html/mymedi/img/branch/heart-healt.svg]
[nouthemes.net/html/mymedi/img/branch/microscope.svg]
[nouthemes.net/html/mymedi/img/branch/tube.svg]
[nouthemes.net/html/mymedi/css/home-3.css]
[nouthemes.net/html/mymedi/css/home-4.css]
[nouthemes.net/html/mymedi/css/home-5.css]
[nouthemes.net/html/mymedi/css/home-6.css]
[nouthemes.net/html/mymedi/css/home-7.css]
[nouthemes.net/html/mymedi/css/home-8.css]
[nouthemes.net/html/mymedi/css/home-9.css]
[nouthemes.net/html/mymedi/img/white-gradient.png]
[nouthemes.net/html/mymedi/css/home-10.css]
[nouthemes.net/html/mymedi/css/home-11.css]
[nouthemes.net/html/mymedi/css/home-12.css]
[nouthemes.net/html/mymedi/css/home-14.css]
[nouthemes.net/html/mymedi/css/home-15.css]
[nouthemes.net/html/mymedi/img/icon/bars-dark.svg]
[nouthemes.net/html/mymedi/img/icon/gird2-dark.svg]
[nouthemes.net/html/mymedi/img/icon/gird3-dark.svg]
[nouthemes.net/html/mymedi/img/icon/gird4-dark.svg]
[nouthemes.net/html/mymedi/lost-password.html]
[nouthemes.net/html/mymedi/img/avatar/avatar-admin.html]
[nouthemes.net/html/mymedi/img/avatar/avartar-comment.html]
